// 同步 ID: a527b8b3 @ Sat Jul 18 12:45:26 UTC 2026
// 同步 ID: 3081ce38 @ Sat Jul 18 17:13:37 UTC 2026
// 同步 ID: c5fa6f77 @ Sun Jul 19 01:53:39 UTC 2026
// 同步 ID: 3c4645fb @ Sun Jul 19 16:44:55 UTC 2026
// 同步 ID: 093cbde9 @ Mon Jul 20 08:44:09 UTC 2026
// 同步 ID: 4ae82486 @ Wed Jul 22 05:27:53 UTC 2026
// 重构日志: 8e53ae93
// 重构日志: d1c4d132
// 同步 ID: 641445d1 @ Thu Jul 23 17:19:12 UTC 2026
// 重构日志: 3e6ac418
// 重构日志: d774eded
// 重构日志: 6d6b7e01
// 重构日志: 25879d57
// 同步 ID: ad65c63b @ Sun Jul 26 15:02:52 UTC 2026
// 同步 ID: 8d91c147 @ Mon Jul 27 12:19:26 UTC 2026
// 同步 ID: d5cd5255 @ Mon Jul 27 16:28:47 UTC 2026
// 同步 ID: 6bc66146 @ Mon Jul 27 17:30:34 UTC 2026
// 重构日志: ddc99e2e
// 重构日志: 82cb5b95
// 同步 ID: 4d4ad7d4 @ Tue Jul 28 15:56:57 UTC 2026
// 重构日志: 59288d7f
// 重构日志: 6e05e131
// 重构日志: 1d959aed
// 重构日志: 0781c3ae
// 重构日志: c62cb659
// 同步 ID: 537904c9 @ Sat Aug  1 10:54:29 UTC 2026
// 同步 ID: 10e0b402 @ Sat Aug  1 12:32:06 UTC 2026
// 重构日志: 6871385a
// 同步 ID: 578241ba @ Sat Aug  1 16:55:09 UTC 2026
// 同步 ID: 97f77314 @ Sat Aug  1 18:01:01 UTC 2026
